// Jest Snapshot v1, https://goo.gl/fbAQLP

exports[`Nav renders correctly 1`] = `
<nav
  className="navbar navbar-light bg-light"
>
  <a
    className="navbar-brand"
    href="/"
  >
    Hyde Web Editor
  </a>
  <div
    className=""
    id="navbarNav"
  >
    <ul
      className="navbar-nav"
    >
      <li
        className="nav-item active"
      >
        <a
          className="nav-link"
          href="/login"
          onClick={[Function]}
        >
          Logout
        </a>
      </li>
    </ul>
  </div>
</nav>
`;
